// Jest Snapshot v1, https://goo.gl/fbAQLP

exports[`Testing customToast  Component customToast renders correctly 1`] = `null`;
