// Jest Snapshot v1, https://goo.gl/fbAQLP

exports[`Testing CustomIcon Component CustomIcon renders correctly 1`] = `null`;
