// Jest Snapshot v1, https://goo.gl/fbAQLP

exports[`Testing Custom Modal  Component Custom Modal renders correctly 1`] = `null`;
