// Jest Snapshot v1, https://goo.gl/fbAQLP

exports[`<GIBSOverlay /> GIBSOverlay renders Correctly on Load 1`] = `null`;
