// Jest Snapshot v1, https://goo.gl/fbAQLP

exports[`<WeatherOverlay /> WeatherOverlay renders Correctly on Load 1`] = `null`;
